// Jest Snapshot v1, https://goo.gl/fbAQLP

exports[`updateTree Generates a correctly sorted nested tree of sources and folders 1`] = `
Object {
  "contents": Array [],
  "name": "root",
  "path": "",
  "type": "directory",
}
`;

exports[`updateTree Generates a correctly sorted nested tree of sources and folders 2`] = `
Object {
  "contents": Array [
    Object {
      "contents": Array [
        Object {
          "contents": Array [
            Object {
              "contents": Array [
                Object {
                  "contents": Object {
                    "contentId": "https://codesandbox.io/static/js/sandbox.js",
                    "id": "https://codesandbox.io/static/js/sandbox.js",
                    "url": "https://codesandbox.io/static/js/sandbox.js",
                  },
                  "name": "sandbox.js",
                  "path": "/codesandbox.io/static/js/sandbox.js",
                  "type": "source",
                },
                Object {
                  "contents": Object {
                    "contentId": "https://codesandbox.io/static/js/vendors.js",
                    "id": "https://codesandbox.io/static/js/vendors.js",
                    "url": "https://codesandbox.io/static/js/vendors.js",
                  },
                  "name": "vendors.js",
                  "path": "/codesandbox.io/static/js/vendors.js",
                  "type": "source",
                },
              ],
              "name": "js",
              "path": "/codesandbox.io/static/js",
              "type": "directory",
            },
          ],
          "name": "static",
          "path": "/codesandbox.io/static",
          "type": "directory",
        },
      ],
      "name": "codesandbox.io",
      "path": "/codesandbox.io",
      "type": "directory",
    },
    Object {
      "contents": Array [
        Object {
          "contents": Object {
            "contentId": "replay-content:///react-devtools-hook-script",
            "id": "replay-content:///react-devtools-hook-script",
            "url": "replay-content:///react-devtools-hook-script",
          },
          "name": "react-devtools-hook-script",
          "path": "/replay-content:///react-devtools-hook-script",
          "type": "source",
        },
      ],
      "name": "replay-content://",
      "path": "/replay-content://",
      "type": "directory",
    },
    Object {
      "contents": Array [
        Object {
          "contents": Object {
            "contentId": "(index)",
            "id": "(index)",
            "url": "https://something.com/(index)",
          },
          "name": "(index)",
          "path": "/something.com/(index)",
          "type": "source",
        },
        Object {
          "contents": Array [
            Object {
              "contents": Array [
                Object {
                  "contents": Object {
                    "contentId": "node_modules/react-redux/es/index.js",
                    "id": "node_modules/react-redux/es/index.js",
                    "url": "https://something.com/node_modules/react-redux/es/index.js",
                  },
                  "name": "index.js",
                  "path": "/something.com/node_modules/react-redux/es/index.js",
                  "type": "source",
                },
                Object {
                  "contents": Object {
                    "contentId": "node_modules/react-redux/es/types.js",
                    "id": "node_modules/react-redux/es/types.js",
                    "url": "https://something.com/node_modules/react-redux/es/types.js",
                  },
                  "name": "types.js",
                  "path": "/something.com/node_modules/react-redux/es/types.js",
                  "type": "source",
                },
              ],
              "name": "react-redux/es",
              "path": "/something.com/node_modules/react-redux/es",
              "type": "directory",
            },
            Object {
              "contents": Array [
                Object {
                  "contents": Object {
                    "contentId": "node_modules/redux/es/redux.js",
                    "id": "node_modules/redux/es/redux.js",
                    "url": "https://something.com/node_modules/redux/es/redux.js",
                  },
                  "name": "redux.js",
                  "path": "/something.com/node_modules/redux/es/redux.js",
                  "type": "source",
                },
              ],
              "name": "redux/es",
              "path": "/something.com/node_modules/redux/es",
              "type": "directory",
            },
          ],
          "name": "node_modules",
          "path": "/something.com/node_modules",
          "type": "directory",
        },
        Object {
          "contents": Array [
            Object {
              "contents": Array [
                Object {
                  "contents": Object {
                    "contentId": "src/app/hooks.ts",
                    "id": "src/app/hooks.ts",
                    "url": "https://something.com/src/app/hooks.ts",
                  },
                  "name": "hooks.ts",
                  "path": "/something.com/src/app/hooks.ts",
                  "type": "source",
                },
                Object {
                  "contents": Object {
                    "contentId": "src/app/store.ts",
                    "id": "src/app/store.ts",
                    "url": "https://something.com/src/app/store.ts",
                  },
                  "name": "store.ts",
                  "path": "/something.com/src/app/store.ts",
                  "type": "source",
                },
              ],
              "name": "app",
              "path": "/something.com/src/app",
              "type": "directory",
            },
            Object {
              "contents": Array [
                Object {
                  "contents": Object {
                    "contentId": "src/features/counter/Counter.tsx",
                    "id": "src/features/counter/Counter.tsx",
                    "url": "https://something.com/src/features/counter/Counter.tsx",
                  },
                  "name": "Counter.tsx",
                  "path": "/something.com/src/features/counter/Counter.tsx",
                  "type": "source",
                },
                Object {
                  "contents": Object {
                    "contentId": "src/features/counter/counterAPI.ts",
                    "id": "src/features/counter/counterAPI.ts",
                    "url": "https://something.com/src/features/counter/counterAPI.ts",
                  },
                  "name": "counterAPI.ts",
                  "path": "/something.com/src/features/counter/counterAPI.ts",
                  "type": "source",
                },
                Object {
                  "contents": Object {
                    "contentId": "src/features/counter/counterSlice.ts",
                    "id": "src/features/counter/counterSlice.ts",
                    "url": "https://something.com/src/features/counter/counterSlice.ts",
                  },
                  "name": "counterSlice.ts",
                  "path": "/something.com/src/features/counter/counterSlice.ts",
                  "type": "source",
                },
              ],
              "name": "features/counter",
              "path": "/something.com/src/features/counter",
              "type": "directory",
            },
            Object {
              "contents": Array [
                Object {
                  "contents": Array [
                    Object {
                      "contents": Object {
                        "contentId": "src/features2/todos/todos.ts?1",
                        "id": "src/features2/todos/todos.ts?1",
                        "url": "https://something.com/src/features2/todos/todos.ts?1",
                      },
                      "name": "(1) todos.ts",
                      "path": "https://something.com/src/features2/todos/todos.ts?1",
                      "type": "source",
                    },
                    Object {
                      "contents": Object {
                        "contentId": "src/features2/todos/todos.ts?2",
                        "id": "src/features2/todos/todos.ts?2",
                        "url": "https://something.com/src/features2/todos/todos.ts?2",
                      },
                      "name": "(2) todos.ts",
                      "path": "https://something.com/src/features2/todos/todos.ts?2",
                      "type": "source",
                    },
                  ],
                  "name": "todos.ts",
                  "path": "/something.com/src/features2/todos/todos.ts",
                  "type": "multiSource",
                },
              ],
              "name": "features2/todos",
              "path": "/something.com/src/features2/todos",
              "type": "directory",
            },
            Object {
              "contents": Array [
                Object {
                  "contents": Object {
                    "contentId": "https://something.com/src/features3/todos/todos.ts",
                    "id": "src/features3/todos/todos.ts?3",
                    "url": "https://something.com/src/features3/todos/todos.ts?3",
                  },
                  "name": "todos.ts",
                  "path": "/something.com/src/features3/todos/todos.ts",
                  "type": "source",
                },
              ],
              "name": "features3/todos",
              "path": "/something.com/src/features3/todos",
              "type": "directory",
            },
            Object {
              "contents": Array [
                Object {
                  "contents": Array [
                    Object {
                      "contents": Object {
                        "contentId": "https://something.com/src/features4/todos/todos.ts",
                        "id": "src/features4/todos/todos.ts?number=5&duplicate=true",
                        "url": "https://something.com/src/features4/todos/todos.ts?number=5&duplicate=true",
                      },
                      "name": "(1) todos.ts",
                      "path": "https://something.com/src/features4/todos/todos.ts?number=5&duplicate=true",
                      "type": "source",
                    },
                    Object {
                      "contents": Object {
                        "contentId": "src/features4/todos/todos.ts?number=6&duplicate=false",
                        "id": "src/features4/todos/todos.ts?number=6&duplicate=false",
                        "url": "https://something.com/src/features4/todos/todos.ts?number=6&duplicate=false",
                      },
                      "name": "(2) todos.ts",
                      "path": "https://something.com/src/features4/todos/todos.ts?number=6&duplicate=false",
                      "type": "source",
                    },
                  ],
                  "name": "todos.ts",
                  "path": "/something.com/src/features4/todos/todos.ts",
                  "type": "multiSource",
                },
              ],
              "name": "features4/todos",
              "path": "/something.com/src/features4/todos",
              "type": "directory",
            },
            Object {
              "contents": Object {
                "contentId": "src/App.tsx",
                "id": "src/App.tsx",
                "url": "https://something.com/src/App.tsx",
              },
              "name": "App.tsx",
              "path": "/something.com/src/App.tsx",
              "type": "source",
            },
            Object {
              "contents": Object {
                "contentId": "src/index.tsx",
                "id": "src/index.tsx",
                "url": "https://something.com/src/index.tsx",
              },
              "name": "index.tsx",
              "path": "/something.com/src/index.tsx",
              "type": "source",
            },
          ],
          "name": "src",
          "path": "/something.com/src",
          "type": "directory",
        },
      ],
      "name": "something.com",
      "path": "/something.com",
      "type": "directory",
    },
    Object {
      "contents": Array [
        Object {
          "contents": Array [
            Object {
              "contents": Array [
                Object {
                  "contents": Object {
                    "contentId": "webpack:////home/circleci/codesandbox-client/node_modules/core-js/fn/array/includes.js",
                    "id": "webpack:////home/circleci/codesandbox-client/node_modules/core-js/fn/array/includes.js",
                    "url": "webpack:////home/circleci/codesandbox-client/node_modules/core-js/fn/array/includes.js",
                  },
                  "name": "includes.js",
                  "path": "/webpack:////home/circleci/codesandbox-client/node_modules/core-js/fn/array/includes.js",
                  "type": "source",
                },
              ],
              "name": "home/circleci/codesandbox-client/node_modules/core-js/fn/array",
              "path": "/webpack:////home/circleci/codesandbox-client/node_modules/core-js/fn/array",
              "type": "directory",
            },
          ],
          "name": "",
          "path": "/webpack:///",
          "type": "directory",
        },
        Object {
          "contents": Array [
            Object {
              "contents": Object {
                "contentId": "webpack://BrowserFS/webpack/bootstrap",
                "id": "webpack://BrowserFS/webpack/bootstrap",
                "url": "webpack://BrowserFS/webpack/bootstrap",
              },
              "name": "bootstrap",
              "path": "/webpack:///webpack/bootstrap",
              "type": "source",
            },
          ],
          "name": "webpack",
          "path": "/webpack:///webpack",
          "type": "directory",
        },
      ],
      "name": "webpack://",
      "path": "/webpack://",
      "type": "directory",
    },
  ],
  "name": "root",
  "path": "",
  "type": "directory",
}
`;
